// Jest Snapshot v1, https://goo.gl/fbAQLP

exports[`Renders Datepicker correctly 1`] = `
<form
  action="#"
  onReset={[Function]}
  onSubmit={[Function]}
>
  <label
    className="font-roboto text-xs text-primary-120 uppercase"
  >
    Contract date
  </label>
  <div
    className="Datepicker flex"
  >
    <div
      className="flex flex-col"
    >
      <label
        className="font-roboto text-xs text-primary-120 uppercase"
      >
        
      </label>
      <select
        className="dropdown  Datepicker_day"
        onBlur={[Function]}
        onChange={[Function]}
        onClick={[Function]}
      >
        <option
          className="dropdown-option"
          value={1}
        >
          1
        </option>
        <option
          className="dropdown-option"
          value={2}
        >
          2
        </option>
        <option
          className="dropdown-option"
          value={3}
        >
          3
        </option>
        <option
          className="dropdown-option"
          value={4}
        >
          4
        </option>
        <option
          className="dropdown-option"
          value={5}
        >
          5
        </option>
        <option
          className="dropdown-option"
          value={6}
        >
          6
        </option>
        <option
          className="dropdown-option"
          value={7}
        >
          7
        </option>
        <option
          className="dropdown-option"
          value={8}
        >
          8
        </option>
        <option
          className="dropdown-option"
          value={9}
        >
          9
        </option>
        <option
          className="dropdown-option"
          value={10}
        >
          10
        </option>
        <option
          className="dropdown-option"
          value={11}
        >
          11
        </option>
        <option
          className="dropdown-option"
          value={12}
        >
          12
        </option>
        <option
          className="dropdown-option"
          value={13}
        >
          13
        </option>
        <option
          className="dropdown-option"
          value={14}
        >
          14
        </option>
        <option
          className="dropdown-option"
          value={15}
        >
          15
        </option>
        <option
          className="dropdown-option"
          value={16}
        >
          16
        </option>
        <option
          className="dropdown-option"
          value={17}
        >
          17
        </option>
        <option
          className="dropdown-option"
          value={18}
        >
          18
        </option>
        <option
          className="dropdown-option"
          value={19}
        >
          19
        </option>
        <option
          className="dropdown-option"
          value={20}
        >
          20
        </option>
        <option
          className="dropdown-option"
          value={21}
        >
          21
        </option>
        <option
          className="dropdown-option"
          value={22}
        >
          22
        </option>
        <option
          className="dropdown-option"
          value={23}
        >
          23
        </option>
        <option
          className="dropdown-option"
          value={24}
        >
          24
        </option>
        <option
          className="dropdown-option"
          value={25}
        >
          25
        </option>
        <option
          className="dropdown-option"
          value={26}
        >
          26
        </option>
        <option
          className="dropdown-option"
          value={27}
        >
          27
        </option>
        <option
          className="dropdown-option"
          value={28}
        >
          28
        </option>
        <option
          className="dropdown-option"
          value={29}
        >
          29
        </option>
        <option
          className="dropdown-option"
          value={30}
        >
          30
        </option>
        <option
          className="dropdown-option"
          value={31}
        >
          31
        </option>
      </select>
    </div>
    <div
      className="flex flex-col"
    >
      <label
        className="font-roboto text-xs text-primary-120 uppercase"
      >
        
      </label>
      <select
        className="dropdown  Datepicker_month ml-2"
        onBlur={[Function]}
        onChange={[Function]}
        onClick={[Function]}
      >
        <option
          className="dropdown-option"
          value={1}
        >
          January
        </option>
        <option
          className="dropdown-option"
          value={2}
        >
          February
        </option>
        <option
          className="dropdown-option"
          value={3}
        >
          March
        </option>
        <option
          className="dropdown-option"
          value={4}
        >
          April
        </option>
        <option
          className="dropdown-option"
          value={5}
        >
          May
        </option>
        <option
          className="dropdown-option"
          value={6}
        >
          June
        </option>
        <option
          className="dropdown-option"
          value={7}
        >
          July
        </option>
        <option
          className="dropdown-option"
          value={8}
        >
          August
        </option>
        <option
          className="dropdown-option"
          value={9}
        >
          September
        </option>
        <option
          className="dropdown-option"
          value={10}
        >
          October
        </option>
        <option
          className="dropdown-option"
          value={11}
        >
          November
        </option>
        <option
          className="dropdown-option"
          value={12}
        >
          December
        </option>
      </select>
    </div>
    <div
      className="flex flex-col"
    >
      <label
        className="font-roboto text-xs text-primary-120 uppercase"
      >
        
      </label>
      <select
        className="dropdown  Datepicker_year ml-4"
        onBlur={[Function]}
        onChange={[Function]}
        onClick={[Function]}
      >
        <option
          className="dropdown-option"
          value={2022}
        >
          2022
        </option>
        <option
          className="dropdown-option"
          value={2021}
        >
          2021
        </option>
        <option
          className="dropdown-option"
          value={2020}
        >
          2020
        </option>
        <option
          className="dropdown-option"
          value={2019}
        >
          2019
        </option>
        <option
          className="dropdown-option"
          value={2018}
        >
          2018
        </option>
        <option
          className="dropdown-option"
          value={2017}
        >
          2017
        </option>
        <option
          className="dropdown-option"
          value={2016}
        >
          2016
        </option>
        <option
          className="dropdown-option"
          value={2015}
        >
          2015
        </option>
        <option
          className="dropdown-option"
          value={2014}
        >
          2014
        </option>
        <option
          className="dropdown-option"
          value={2013}
        >
          2013
        </option>
      </select>
    </div>
  </div>
</form>
`;
