// Jest Snapshot v1, https://goo.gl/fbAQLP

exports[`Renders Pagination form correctly 1`] = `
<div
  className="w-[255px] flex justify-between items-center "
>
  <span
    className="text-black font-roboto text-sm font-medium"
  >
    1
     of 
    10
  </span>
  <button
    className="button undefined h-8 w-[100px] bg-primary-100 !bg-white text-primary-60 w-[80px] h-[25px]"
    disabled={false}
    onClick={[Function]}
    type="button"
  >
     
    Next
     
    <span
      className="material-icons ml-2"
      onClick={[Function]}
      role="button"
    >
      keyboard_arrow_right
    </span>
  </button>
  <button
    className="button undefined h-8 w-[100px] bg-primary-100 !bg-white text-primary-60 w-[80px] h-[25px]"
    disabled={false}
    onClick={[Function]}
    type="button"
  >
     
    Last
     
    <span
      className="material-icons ml-2"
      onClick={[Function]}
      role="button"
    >
      keyboard_double_arrow_right
    </span>
  </button>
</div>
`;
