// Jest Snapshot v1, https://goo.gl/fbAQLP

exports[`Renders Input form correctly 1`] = `
<form
  action="#"
  onReset={[Function]}
  onSubmit={[Function]}
>
  <input
    className="input   border-[1px] border-primary-50"
    name="input"
    onBlur={[Function]}
    onChange={[Function]}
    onFocus={[Function]}
    placeholder="Jane"
    type="text"
    value=""
  />
</form>
`;
