// Jest Snapshot v1, https://goo.gl/fbAQLP

exports[`Renders Input Password form correctly 1`] = `
<form
  action="#"
  onReset={[Function]}
  onSubmit={[Function]}
>
  <div
    className="password-wrapper  border-[1px] border-primary-50 h-[43px] w-full"
  >
    <div
      className="password-with-asterisk"
    >
      <input
        className="password-input h-[41px] text-transparent"
        name="input"
        onBlur={[Function]}
        onChange={[Function]}
        onFocus={[Function]}
        onKeyUp={[Function]}
        placeholder="Jane"
        type="password"
        value=""
      />
      <span
        className="password-with-asterisk-dummy"
        id="input"
        style={
          Object {
            "display": "inline",
          }
        }
      />
    </div>
    <div
      className="password-icon"
    >
      <span
        className="material-icons "
        onClick={[Function]}
        role="button"
      >
        visibility
      </span>
    </div>
  </div>
  <span
    className="formik-error-message"
  />
</form>
`;
